Archive member included to satisfy reference by file (symbol)

c:/program files (x86)/atmel/studio/7.0/toolchain/avr8/avr8-gnu-toolchain/bin/../lib/gcc/avr/5.4.0/avr5\libgcc.a(_udivmodsi4.o)
                              AC/ADC_Program.o (__udivmodsi4)
c:/program files (x86)/atmel/studio/7.0/toolchain/avr8/avr8-gnu-toolchain/bin/../lib/gcc/avr/5.4.0/avr5\libgcc.a(_exit.o)
                              C:/Program Files (x86)/Atmel/Studio/7.0/Packs/atmel/ATmega_DFP/1.7.374/gcc/dev/atmega32/avr5/crtatmega32.o (exit)
c:/program files (x86)/atmel/studio/7.0/toolchain/avr8/avr8-gnu-toolchain/bin/../lib/gcc/avr/5.4.0/avr5\libgcc.a(_tablejump2.o)
                              main.o (__tablejump2__)
c:/program files (x86)/atmel/studio/7.0/toolchain/avr8/avr8-gnu-toolchain/bin/../lib/gcc/avr/5.4.0/avr5\libgcc.a(_copy_data.o)
                              KPD_program.o (__do_copy_data)
c:/program files (x86)/atmel/studio/7.0/toolchain/avr8/avr8-gnu-toolchain/bin/../lib/gcc/avr/5.4.0/avr5\libgcc.a(_clear_bss.o)
                              AC/ADC_Program.o (__do_clear_bss)
c:/program files (x86)/atmel/studio/7.0/toolchain/avr8/avr8-gnu-toolchain/bin/../lib/gcc/avr/5.4.0/avr5\libgcc.a(_umulhisi3.o)
                              AC/ADC_Program.o (__umulhisi3)

Discarded input sections

 .data          0x00000000        0x0 C:/Program Files (x86)/Atmel/Studio/7.0/Packs/atmel/ATmega_DFP/1.7.374/gcc/dev/atmega32/avr5/crtatmega32.o
 .bss           0x00000000        0x0 C:/Program Files (x86)/Atmel/Studio/7.0/Packs/atmel/ATmega_DFP/1.7.374/gcc/dev/atmega32/avr5/crtatmega32.o
 .text          0x00000000        0x0 AC/ADC_Program.o
 .data          0x00000000        0x0 AC/ADC_Program.o
 .bss           0x00000000        0x0 AC/ADC_Program.o
 .text.ADC_disable
                0x00000000        0x8 AC/ADC_Program.o
 .text.ADC_read
                0x00000000       0x22 AC/ADC_Program.o
 .text.ADC_readChannel
                0x00000000       0x3a AC/ADC_Program.o
 .text.ADC_getAnalogValue
                0x00000000       0x26 AC/ADC_Program.o
 .text          0x00000000        0x0 DIO_PROGRAM.o
 .data          0x00000000        0x0 DIO_PROGRAM.o
 .bss           0x00000000        0x0 DIO_PROGRAM.o
 .text.DIO_setPortDirection
                0x00000000       0x54 DIO_PROGRAM.o
 .text.DIO_setPortValue
                0x00000000       0x24 DIO_PROGRAM.o
 .text.DIO_getPortValue
                0x00000000       0x3a DIO_PROGRAM.o
 .text.DIO_togglePort
                0x00000000       0x34 DIO_PROGRAM.o
 .text.DIO_setInputPortResistance
                0x00000000       0x2c DIO_PROGRAM.o
 .text          0x00000000        0x0 EEPROM_program.o
 .data          0x00000000        0x0 EEPROM_program.o
 .bss           0x00000000        0x0 EEPROM_program.o
 .text          0x00000000        0x0 Extras.o
 .data          0x00000000        0x0 Extras.o
 .bss           0x00000000        0x0 Extras.o
 .text          0x00000000        0x0 KPD_program.o
 .data          0x00000000        0x0 KPD_program.o
 .bss           0x00000000        0x0 KPD_program.o
 .text          0x00000000        0x0 LCD_program.o
 .data          0x00000000        0x0 LCD_program.o
 .bss           0x00000000        0x0 LCD_program.o
 .text.LCD_createCustomCharacter
                0x00000000       0x3c LCD_program.o
 .text.LCD_saveInCgram
                0x00000000      0x18e LCD_program.o
 .text          0x00000000        0x0 LED_program.o
 .data          0x00000000        0x0 LED_program.o
 .bss           0x00000000        0x0 LED_program.o
 .text.LED_ON   0x00000000       0x34 LED_program.o
 .text.LED_OFF  0x00000000       0x30 LED_program.o
 .text          0x00000000        0x0 main.o
 .data          0x00000000        0x0 main.o
 .bss           0x00000000        0x0 main.o
 COMMON         0x00000000        0x0 main.o
 .text          0x00000000        0x0 Room/Rooms_program.o
 .data          0x00000000        0x0 Room/Rooms_program.o
 .bss           0x00000000        0x0 Room/Rooms_program.o
 .text          0x00000000        0x0 Timer/TMR_Program.o
 .data          0x00000000        0x0 Timer/TMR_Program.o
 .bss           0x00000000        0x0 Timer/TMR_Program.o
 .text.TMR_timer0SetClock
                0x00000000       0x1a Timer/TMR_Program.o
 .text.TMR_timer0Init
                0x00000000        0xe Timer/TMR_Program.o
 .text.TMR_setPWM0
                0x00000000       0x30 Timer/TMR_Program.o
 .text.TMR_stopPWM0
                0x00000000        0x8 Timer/TMR_Program.o
 .text.TMR_setTimer
                0x00000000       0x10 Timer/TMR_Program.o
 .text.TMR_stopTimer
                0x00000000        0x8 Timer/TMR_Program.o
 .text.TMR_stopPWM
                0x00000000        0x8 Timer/TMR_Program.o
 .text          0x00000000        0x0 UART_program.o
 .data          0x00000000        0x0 UART_program.o
 .bss           0x00000000        0x0 UART_program.o
 .text          0x00000000        0x0 Users/Admin/Admin_program.o
 .data          0x00000000        0x0 Users/Admin/Admin_program.o
 .bss           0x00000000        0x0 Users/Admin/Admin_program.o
 .text          0x00000000        0x0 Users/Guest/Guest_program.o
 .data          0x00000000        0x0 Users/Guest/Guest_program.o
 .bss           0x00000000        0x0 Users/Guest/Guest_program.o
 .text          0x00000000        0x0 Users/User_program.o
 .data          0x00000000        0x0 Users/User_program.o
 .bss           0x00000000        0x0 Users/User_program.o
 .text          0x00000000        0x0 c:/program files (x86)/atmel/studio/7.0/toolchain/avr8/avr8-gnu-toolchain/bin/../lib/gcc/avr/5.4.0/avr5\libgcc.a(_udivmodsi4.o)
 .data          0x00000000        0x0 c:/program files (x86)/atmel/studio/7.0/toolchain/avr8/avr8-gnu-toolchain/bin/../lib/gcc/avr/5.4.0/avr5\libgcc.a(_udivmodsi4.o)
 .bss           0x00000000        0x0 c:/program files (x86)/atmel/studio/7.0/toolchain/avr8/avr8-gnu-toolchain/bin/../lib/gcc/avr/5.4.0/avr5\libgcc.a(_udivmodsi4.o)
 .text.libgcc.mul
                0x00000000        0x0 c:/program files (x86)/atmel/studio/7.0/toolchain/avr8/avr8-gnu-toolchain/bin/../lib/gcc/avr/5.4.0/avr5\libgcc.a(_udivmodsi4.o)
 .text.libgcc   0x00000000        0x0 c:/program files (x86)/atmel/studio/7.0/toolchain/avr8/avr8-gnu-toolchain/bin/../lib/gcc/avr/5.4.0/avr5\libgcc.a(_udivmodsi4.o)
 .text.libgcc.prologue
                0x00000000        0x0 c:/program files (x86)/atmel/studio/7.0/toolchain/avr8/avr8-gnu-toolchain/bin/../lib/gcc/avr/5.4.0/avr5\libgcc.a(_udivmodsi4.o)
 .text.libgcc.builtins
                0x00000000        0x0 c:/program files (x86)/atmel/studio/7.0/toolchain/avr8/avr8-gnu-toolchain/bin/../lib/gcc/avr/5.4.0/avr5\libgcc.a(_udivmodsi4.o)
 .text.libgcc.fmul
                0x00000000        0x0 c:/program files (x86)/atmel/studio/7.0/toolchain/avr8/avr8-gnu-toolchain/bin/../lib/gcc/avr/5.4.0/avr5\libgcc.a(_udivmodsi4.o)
 .text.libgcc.fixed
                0x00000000        0x0 c:/program files (x86)/atmel/studio/7.0/toolchain/avr8/avr8-gnu-toolchain/bin/../lib/gcc/avr/5.4.0/avr5\libgcc.a(_udivmodsi4.o)
 .text          0x00000000        0x0 c:/program files (x86)/atmel/studio/7.0/toolchain/avr8/avr8-gnu-toolchain/bin/../lib/gcc/avr/5.4.0/avr5\libgcc.a(_exit.o)
 .data          0x00000000        0x0 c:/program files (x86)/atmel/studio/7.0/toolchain/avr8/avr8-gnu-toolchain/bin/../lib/gcc/avr/5.4.0/avr5\libgcc.a(_exit.o)
 .bss           0x00000000        0x0 c:/program files (x86)/atmel/studio/7.0/toolchain/avr8/avr8-gnu-toolchain/bin/../lib/gcc/avr/5.4.0/avr5\libgcc.a(_exit.o)
 .text.libgcc.mul
                0x00000000        0x0 c:/program files (x86)/atmel/studio/7.0/toolchain/avr8/avr8-gnu-toolchain/bin/../lib/gcc/avr/5.4.0/avr5\libgcc.a(_exit.o)
 .text.libgcc.div
                0x00000000        0x0 c:/program files (x86)/atmel/studio/7.0/toolchain/avr8/avr8-gnu-toolchain/bin/../lib/gcc/avr/5.4.0/avr5\libgcc.a(_exit.o)
 .text.libgcc   0x00000000        0x0 c:/program files (x86)/atmel/studio/7.0/toolchain/avr8/avr8-gnu-toolchain/bin/../lib/gcc/avr/5.4.0/avr5\libgcc.a(_exit.o)
 .text.libgcc.prologue
                0x00000000        0x0 c:/program files (x86)/atmel/studio/7.0/toolchain/avr8/avr8-gnu-toolchain/bin/../lib/gcc/avr/5.4.0/avr5\libgcc.a(_exit.o)
 .text.libgcc.builtins
                0x00000000        0x0 c:/program files (x86)/atmel/studio/7.0/toolchain/avr8/avr8-gnu-toolchain/bin/../lib/gcc/avr/5.4.0/avr5\libgcc.a(_exit.o)
 .text.libgcc.fmul
                0x00000000        0x0 c:/program files (x86)/atmel/studio/7.0/toolchain/avr8/avr8-gnu-toolchain/bin/../lib/gcc/avr/5.4.0/avr5\libgcc.a(_exit.o)
 .text.libgcc.fixed
                0x00000000        0x0 c:/program files (x86)/atmel/studio/7.0/toolchain/avr8/avr8-gnu-toolchain/bin/../lib/gcc/avr/5.4.0/avr5\libgcc.a(_exit.o)
 .text          0x00000000        0x0 c:/program files (x86)/atmel/studio/7.0/toolchain/avr8/avr8-gnu-toolchain/bin/../lib/gcc/avr/5.4.0/avr5\libgcc.a(_tablejump2.o)
 .data          0x00000000        0x0 c:/program files (x86)/atmel/studio/7.0/toolchain/avr8/avr8-gnu-toolchain/bin/../lib/gcc/avr/5.4.0/avr5\libgcc.a(_tablejump2.o)
 .bss           0x00000000        0x0 c:/program files (x86)/atmel/studio/7.0/toolchain/avr8/avr8-gnu-toolchain/bin/../lib/gcc/avr/5.4.0/avr5\libgcc.a(_tablejump2.o)
 .text.libgcc.mul
                0x00000000        0x0 c:/program files (x86)/atmel/studio/7.0/toolchain/avr8/avr8-gnu-toolchain/bin/../lib/gcc/avr/5.4.0/avr5\libgcc.a(_tablejump2.o)
 .text.libgcc.div
                0x00000000        0x0 c:/program files (x86)/atmel/studio/7.0/toolchain/avr8/avr8-gnu-toolchain/bin/../lib/gcc/avr/5.4.0/avr5\libgcc.a(_tablejump2.o)
 .text.libgcc.prologue
                0x00000000        0x0 c:/program files (x86)/atmel/studio/7.0/toolchain/avr8/avr8-gnu-toolchain/bin/../lib/gcc/avr/5.4.0/avr5\libgcc.a(_tablejump2.o)
 .text.libgcc.builtins
                0x00000000        0x0 c:/program files (x86)/atmel/studio/7.0/toolchain/avr8/avr8-gnu-toolchain/bin/../lib/gcc/avr/5.4.0/avr5\libgcc.a(_tablejump2.o)
 .text.libgcc.fmul
                0x00000000        0x0 c:/program files (x86)/atmel/studio/7.0/toolchain/avr8/avr8-gnu-toolchain/bin/../lib/gcc/avr/5.4.0/avr5\libgcc.a(_tablejump2.o)
 .text.libgcc.fixed
                0x00000000        0x0 c:/program files (x86)/atmel/studio/7.0/toolchain/avr8/avr8-gnu-toolchain/bin/../lib/gcc/avr/5.4.0/avr5\libgcc.a(_tablejump2.o)
 .text          0x00000000        0x0 c:/program files (x86)/atmel/studio/7.0/toolchain/avr8/avr8-gnu-toolchain/bin/../lib/gcc/avr/5.4.0/avr5\libgcc.a(_copy_data.o)
 .data          0x00000000        0x0 c:/program files (x86)/atmel/studio/7.0/toolchain/avr8/avr8-gnu-toolchain/bin/../lib/gcc/avr/5.4.0/avr5\libgcc.a(_copy_data.o)
 .bss           0x00000000        0x0 c:/program files (x86)/atmel/studio/7.0/toolchain/avr8/avr8-gnu-toolchain/bin/../lib/gcc/avr/5.4.0/avr5\libgcc.a(_copy_data.o)
 .text.libgcc.mul
                0x00000000        0x0 c:/program files (x86)/atmel/studio/7.0/toolchain/avr8/avr8-gnu-toolchain/bin/../lib/gcc/avr/5.4.0/avr5\libgcc.a(_copy_data.o)
 .text.libgcc.div
                0x00000000        0x0 c:/program files (x86)/atmel/studio/7.0/toolchain/avr8/avr8-gnu-toolchain/bin/../lib/gcc/avr/5.4.0/avr5\libgcc.a(_copy_data.o)
 .text.libgcc   0x00000000        0x0 c:/program files (x86)/atmel/studio/7.0/toolchain/avr8/avr8-gnu-toolchain/bin/../lib/gcc/avr/5.4.0/avr5\libgcc.a(_copy_data.o)
 .text.libgcc.prologue
                0x00000000        0x0 c:/program files (x86)/atmel/studio/7.0/toolchain/avr8/avr8-gnu-toolchain/bin/../lib/gcc/avr/5.4.0/avr5\libgcc.a(_copy_data.o)
 .text.libgcc.builtins
                0x00000000        0x0 c:/program files (x86)/atmel/studio/7.0/toolchain/avr8/avr8-gnu-toolchain/bin/../lib/gcc/avr/5.4.0/avr5\libgcc.a(_copy_data.o)
 .text.libgcc.fmul
                0x00000000        0x0 c:/program files (x86)/atmel/studio/7.0/toolchain/avr8/avr8-gnu-toolchain/bin/../lib/gcc/avr/5.4.0/avr5\libgcc.a(_copy_data.o)
 .text.libgcc.fixed
                0x00000000        0x0 c:/program files (x86)/atmel/studio/7.0/toolchain/avr8/avr8-gnu-toolchain/bin/../lib/gcc/avr/5.4.0/avr5\libgcc.a(_copy_data.o)
 .text          0x00000000        0x0 c:/program files (x86)/atmel/studio/7.0/toolchain/avr8/avr8-gnu-toolchain/bin/../lib/gcc/avr/5.4.0/avr5\libgcc.a(_clear_bss.o)
 .data          0x00000000        0x0 c:/program files (x86)/atmel/studio/7.0/toolchain/avr8/avr8-gnu-toolchain/bin/../lib/gcc/avr/5.4.0/avr5\libgcc.a(_clear_bss.o)
 .bss           0x00000000        0x0 c:/program files (x86)/atmel/studio/7.0/toolchain/avr8/avr8-gnu-toolchain/bin/../lib/gcc/avr/5.4.0/avr5\libgcc.a(_clear_bss.o)
 .text.libgcc.mul
                0x00000000        0x0 c:/program files (x86)/atmel/studio/7.0/toolchain/avr8/avr8-gnu-toolchain/bin/../lib/gcc/avr/5.4.0/avr5\libgcc.a(_clear_bss.o)
 .text.libgcc.div
                0x00000000        0x0 c:/program files (x86)/atmel/studio/7.0/toolchain/avr8/avr8-gnu-toolchain/bin/../lib/gcc/avr/5.4.0/avr5\libgcc.a(_clear_bss.o)
 .text.libgcc   0x00000000        0x0 c:/program files (x86)/atmel/studio/7.0/toolchain/avr8/avr8-gnu-toolchain/bin/../lib/gcc/avr/5.4.0/avr5\libgcc.a(_clear_bss.o)
 .text.libgcc.prologue
                0x00000000        0x0 c:/program files (x86)/atmel/studio/7.0/toolchain/avr8/avr8-gnu-toolchain/bin/../lib/gcc/avr/5.4.0/avr5\libgcc.a(_clear_bss.o)
 .text.libgcc.builtins
                0x00000000        0x0 c:/program files (x86)/atmel/studio/7.0/toolchain/avr8/avr8-gnu-toolchain/bin/../lib/gcc/avr/5.4.0/avr5\libgcc.a(_clear_bss.o)
 .text.libgcc.fmul
                0x00000000        0x0 c:/program files (x86)/atmel/studio/7.0/toolchain/avr8/avr8-gnu-toolchain/bin/../lib/gcc/avr/5.4.0/avr5\libgcc.a(_clear_bss.o)
 .text.libgcc.fixed
                0x00000000        0x0 c:/program files (x86)/atmel/studio/7.0/toolchain/avr8/avr8-gnu-toolchain/bin/../lib/gcc/avr/5.4.0/avr5\libgcc.a(_clear_bss.o)
 .text          0x00000000        0x0 c:/program files (x86)/atmel/studio/7.0/toolchain/avr8/avr8-gnu-toolchain/bin/../lib/gcc/avr/5.4.0/avr5\libgcc.a(_umulhisi3.o)
 .data          0x00000000        0x0 c:/program files (x86)/atmel/studio/7.0/toolchain/avr8/avr8-gnu-toolchain/bin/../lib/gcc/avr/5.4.0/avr5\libgcc.a(_umulhisi3.o)
 .bss           0x00000000        0x0 c:/program files (x86)/atmel/studio/7.0/toolchain/avr8/avr8-gnu-toolchain/bin/../lib/gcc/avr/5.4.0/avr5\libgcc.a(_umulhisi3.o)
 .text.libgcc.div
                0x00000000        0x0 c:/program files (x86)/atmel/studio/7.0/toolchain/avr8/avr8-gnu-toolchain/bin/../lib/gcc/avr/5.4.0/avr5\libgcc.a(_umulhisi3.o)
 .text.libgcc   0x00000000        0x0 c:/program files (x86)/atmel/studio/7.0/toolchain/avr8/avr8-gnu-toolchain/bin/../lib/gcc/avr/5.4.0/avr5\libgcc.a(_umulhisi3.o)
 .text.libgcc.prologue
                0x00000000        0x0 c:/program files (x86)/atmel/studio/7.0/toolchain/avr8/avr8-gnu-toolchain/bin/../lib/gcc/avr/5.4.0/avr5\libgcc.a(_umulhisi3.o)
 .text.libgcc.builtins
                0x00000000        0x0 c:/program files (x86)/atmel/studio/7.0/toolchain/avr8/avr8-gnu-toolchain/bin/../lib/gcc/avr/5.4.0/avr5\libgcc.a(_umulhisi3.o)
 .text.libgcc.fmul
                0x00000000        0x0 c:/program files (x86)/atmel/studio/7.0/toolchain/avr8/avr8-gnu-toolchain/bin/../lib/gcc/avr/5.4.0/avr5\libgcc.a(_umulhisi3.o)
 .text.libgcc.fixed
                0x00000000        0x0 c:/program files (x86)/atmel/studio/7.0/toolchain/avr8/avr8-gnu-toolchain/bin/../lib/gcc/avr/5.4.0/avr5\libgcc.a(_umulhisi3.o)

Memory Configuration

Name             Origin             Length             Attributes
text             0x00000000         0x00008000         xr
data             0x00800060         0x00000800         rw !x
eeprom           0x00810000         0x00000400         rw !x
fuse             0x00820000         0x00000002         rw !x
lock             0x00830000         0x00000400         rw !x
signature        0x00840000         0x00000400         rw !x
user_signatures  0x00850000         0x00000400         rw !x
*default*        0x00000000         0xffffffff

Linker script and memory map

LOAD C:/Program Files (x86)/Atmel/Studio/7.0/Packs/atmel/ATmega_DFP/1.7.374/gcc/dev/atmega32/avr5/crtatmega32.o
LOAD AC/ADC_Program.o
LOAD DIO_PROGRAM.o
LOAD EEPROM_program.o
LOAD Extras.o
LOAD KPD_program.o
LOAD LCD_program.o
LOAD LED_program.o
LOAD main.o
LOAD Room/Rooms_program.o
LOAD Timer/TMR_Program.o
LOAD UART_program.o
LOAD Users/Admin/Admin_program.o
LOAD Users/Guest/Guest_program.o
LOAD Users/User_program.o
START GROUP
LOAD c:/program files (x86)/atmel/studio/7.0/toolchain/avr8/avr8-gnu-toolchain/bin/../lib/gcc/avr/5.4.0/../../../../avr/lib/avr5\libm.a
END GROUP
START GROUP
LOAD c:/program files (x86)/atmel/studio/7.0/toolchain/avr8/avr8-gnu-toolchain/bin/../lib/gcc/avr/5.4.0/avr5\libgcc.a
LOAD c:/program files (x86)/atmel/studio/7.0/toolchain/avr8/avr8-gnu-toolchain/bin/../lib/gcc/avr/5.4.0/../../../../avr/lib/avr5\libm.a
LOAD c:/program files (x86)/atmel/studio/7.0/toolchain/avr8/avr8-gnu-toolchain/bin/../lib/gcc/avr/5.4.0/../../../../avr/lib/avr5\libc.a
LOAD C:/Program Files (x86)/Atmel/Studio/7.0/Packs/atmel/ATmega_DFP/1.7.374/gcc/dev/atmega32/avr5\libatmega32.a
END GROUP
                0x00000000                __TEXT_REGION_ORIGIN__ = DEFINED (__TEXT_REGION_ORIGIN__)?__TEXT_REGION_ORIGIN__:0x0
                [0x00800060]                __DATA_REGION_ORIGIN__ = DEFINED (__DATA_REGION_ORIGIN__)?__DATA_REGION_ORIGIN__:0x800060
                [0x00008000]                __TEXT_REGION_LENGTH__ = DEFINED (__TEXT_REGION_LENGTH__)?__TEXT_REGION_LENGTH__:0x20000
                [0x00000800]                __DATA_REGION_LENGTH__ = DEFINED (__DATA_REGION_LENGTH__)?__DATA_REGION_LENGTH__:0xffa0
                [0x00000400]                __EEPROM_REGION_LENGTH__ = DEFINED (__EEPROM_REGION_LENGTH__)?__EEPROM_REGION_LENGTH__:0x10000
                [0x00000002]                __FUSE_REGION_LENGTH__ = DEFINED (__FUSE_REGION_LENGTH__)?__FUSE_REGION_LENGTH__:0x400
                0x00000400                __LOCK_REGION_LENGTH__ = DEFINED (__LOCK_REGION_LENGTH__)?__LOCK_REGION_LENGTH__:0x400
                0x00000400                __SIGNATURE_REGION_LENGTH__ = DEFINED (__SIGNATURE_REGION_LENGTH__)?__SIGNATURE_REGION_LENGTH__:0x400
                0x00000400                __USER_SIGNATURE_REGION_LENGTH__ = DEFINED (__USER_SIGNATURE_REGION_LENGTH__)?__USER_SIGNATURE_REGION_LENGTH__:0x400

.hash
 *(.hash)

.dynsym
 *(.dynsym)

.dynstr
 *(.dynstr)

.gnu.version
 *(.gnu.version)

.gnu.version_d
 *(.gnu.version_d)

.gnu.version_r
 *(.gnu.version_r)

.rel.init
 *(.rel.init)

.rela.init
 *(.rela.init)

.rel.text
 *(.rel.text)
 *(.rel.text.*)
 *(.rel.gnu.linkonce.t*)

.rela.text
 *(.rela.text)
 *(.rela.text.*)
 *(.rela.gnu.linkonce.t*)

.rel.fini
 *(.rel.fini)

.rela.fini
 *(.rela.fini)

.rel.rodata
 *(.rel.rodata)
 *(.rel.rodata.*)
 *(.rel.gnu.linkonce.r*)

.rela.rodata
 *(.rela.rodata)
 *(.rela.rodata.*)
 *(.rela.gnu.linkonce.r*)

.rel.data
 *(.rel.data)
 *(.rel.data.*)
 *(.rel.gnu.linkonce.d*)

.rela.data
 *(.rela.data)
 *(.rela.data.*)
 *(.rela.gnu.linkonce.d*)

.rel.ctors
 *(.rel.ctors)

.rela.ctors
 *(.rela.ctors)

.rel.dtors
 *(.rel.dtors)

.rela.dtors
 *(.rela.dtors)

.rel.got
 *(.rel.got)

.rela.got
 *(.rela.got)

.rel.bss
 *(.rel.bss)

.rela.bss
 *(.rela.bss)

.rel.plt
 *(.rel.plt)

.rela.plt
 *(.rela.plt)

.text           0x00000000     0x12d6
 *(.vectors)
 .vectors       0x00000000       0x54 C:/Program Files (x86)/Atmel/Studio/7.0/Packs/atmel/ATmega_DFP/1.7.374/gcc/dev/atmega32/avr5/crtatmega32.o
                0x00000000                __vector_default
                0x00000000                __vectors
 *(.vectors)
 *(.progmem.gcc*)
 .progmem.gcc_sw_table.main
                0x00000054       0x6a main.o
                0x000000be                . = ALIGN (0x2)
                0x000000be                __trampolines_start = .
 *(.trampolines)
 .trampolines   0x000000be        0x0 linker stubs
 *(.trampolines*)
                0x000000be                __trampolines_end = .
 *libprintf_flt.a:*(.progmem.data)
 *libc.a:*(.progmem.data)
 *(.progmem*)
                0x000000be                . = ALIGN (0x2)
 *(.jumptables)
 *(.jumptables*)
 *(.lowtext)
 *(.lowtext*)
                0x000000be                __ctors_start = .
 *(.ctors)
                0x000000be                __ctors_end = .
                0x000000be                __dtors_start = .
 *(.dtors)
                0x000000be                __dtors_end = .
 SORT(*)(.ctors)
 SORT(*)(.dtors)
 *(.init0)
 .init0         0x000000be        0x0 C:/Program Files (x86)/Atmel/Studio/7.0/Packs/atmel/ATmega_DFP/1.7.374/gcc/dev/atmega32/avr5/crtatmega32.o
                0x000000be                __init
 *(.init0)
 *(.init1)
 *(.init1)
 *(.init2)
 .init2         0x000000be        0xc C:/Program Files (x86)/Atmel/Studio/7.0/Packs/atmel/ATmega_DFP/1.7.374/gcc/dev/atmega32/avr5/crtatmega32.o
 *(.init2)
 *(.init3)
 *(.init3)
 *(.init4)
 .init4         0x000000ca       0x16 c:/program files (x86)/atmel/studio/7.0/toolchain/avr8/avr8-gnu-toolchain/bin/../lib/gcc/avr/5.4.0/avr5\libgcc.a(_copy_data.o)
                0x000000ca                __do_copy_data
 .init4         0x000000e0       0x10 c:/program files (x86)/atmel/studio/7.0/toolchain/avr8/avr8-gnu-toolchain/bin/../lib/gcc/avr/5.4.0/avr5\libgcc.a(_clear_bss.o)
                0x000000e0                __do_clear_bss
 *(.init4)
 *(.init5)
 *(.init5)
 *(.init6)
 *(.init6)
 *(.init7)
 *(.init7)
 *(.init8)
 *(.init8)
 *(.init9)
 .init9         0x000000f0        0x8 C:/Program Files (x86)/Atmel/Studio/7.0/Packs/atmel/ATmega_DFP/1.7.374/gcc/dev/atmega32/avr5/crtatmega32.o
 *(.init9)
 *(.text)
 .text          0x000000f8        0x4 C:/Program Files (x86)/Atmel/Studio/7.0/Packs/atmel/ATmega_DFP/1.7.374/gcc/dev/atmega32/avr5/crtatmega32.o
                0x000000f8                __vector_1
                0x000000f8                __vector_12
                0x000000f8                __bad_interrupt
                0x000000f8                __vector_6
                0x000000f8                __vector_3
                0x000000f8                __vector_11
                0x000000f8                __vector_13
                0x000000f8                __vector_17
                0x000000f8                __vector_19
                0x000000f8                __vector_7
                0x000000f8                __vector_5
                0x000000f8                __vector_4
                0x000000f8                __vector_9
                0x000000f8                __vector_2
                0x000000f8                __vector_15
                0x000000f8                __vector_8
                0x000000f8                __vector_14
                0x000000f8                __vector_10
                0x000000f8                __vector_18
                0x000000f8                __vector_20
                0x000000fc                . = ALIGN (0x2)
 *(.text.*)
 .text.ADC_init
                0x000000fc       0x30 AC/ADC_Program.o
                0x000000fc                ADC_init
 .text.ADC_setChannel
                0x0000012c       0x28 AC/ADC_Program.o
                0x0000012c                ADC_setChannel
 .text.ADC_start
                0x00000154        0x8 AC/ADC_Program.o
                0x00000154                ADC_start
 .text.ADC_startAutoTrigger
                0x0000015c       0x1c AC/ADC_Program.o
                0x0000015c                ADC_startAutoTrigger
 .text.ADC_ADCSetCallBack
                0x00000178        0xa AC/ADC_Program.o
                0x00000178                ADC_ADCSetCallBack
 .text.__vector_16
                0x00000182       0x52 AC/ADC_Program.o
                0x00000182                __vector_16
 .text.DIO_setPinDirection
                0x000001d4       0xec DIO_PROGRAM.o
                0x000001d4                DIO_setPinDirection
 .text.DIO_setPinValue
                0x000002c0       0xec DIO_PROGRAM.o
                0x000002c0                DIO_setPinValue
 .text.DIO_getPinValue
                0x000003ac       0xa4 DIO_PROGRAM.o
                0x000003ac                DIO_getPinValue
 .text.DIO_togglePin
                0x00000450       0x70 DIO_PROGRAM.o
                0x00000450                DIO_togglePin
 .text.DIO_setInputPinResistance
                0x000004c0       0x70 DIO_PROGRAM.o
                0x000004c0                DIO_setInputPinResistance
 .text.EEPROM_Write_Byte
                0x00000530       0x18 EEPROM_program.o
                0x00000530                EEPROM_Write_Byte
 .text.EEPROM_Read_Byte
                0x00000548       0x16 EEPROM_program.o
                0x00000548                EEPROM_Read_Byte
 .text.comparePass
                0x0000055e       0x2c Extras.o
                0x0000055e                comparePass
 .text.KPD_getvalue
                0x0000058a      0x124 KPD_program.o
                0x0000058a                KPD_getvalue
 .text.writeHalfPort
                0x000006ae       0x70 LCD_program.o
                0x000006ae                writeHalfPort
 .text.LCD_sendCmnd
                0x0000071e       0x6c LCD_program.o
                0x0000071e                LCD_sendCmnd
 .text.LCD_init
                0x0000078a       0x7e LCD_program.o
                0x0000078a                LCD_init
 .text.LCD_sendChar
                0x00000808       0x6c LCD_program.o
                0x00000808                LCD_sendChar
 .text.LCD_writeString
                0x00000874       0x26 LCD_program.o
                0x00000874                LCD_writeString
 .text.LCD_goTo
                0x0000089a       0x1c LCD_program.o
                0x0000089a                LCD_goTo
 .text.LCD_clear
                0x000008b6       0x14 LCD_program.o
                0x000008b6                LCD_clear
 .text.LED_Toggle
                0x000008ca        0x6 LED_program.o
                0x000008ca                LED_Toggle
 .text.tempCheck
                0x000008d0       0x40 main.o
                0x000008d0                tempCheck
 .text.main     0x00000910      0x5d6 main.o
                0x00000910                main
 .text.Room_lightToggle
                0x00000ee6       0x46 Room/Rooms_program.o
                0x00000ee6                Room_lightToggle
 .text.Room_lightDim
                0x00000f2c       0x98 Room/Rooms_program.o
                0x00000f2c                Room_lightDim
 .text.Room_showStatus
                0x00000fc4       0xfe Room/Rooms_program.o
                0x00000fc4                Room_showStatus
 .text.TMR_timer1Init
                0x000010c2       0x26 Timer/TMR_Program.o
                0x000010c2                TMR_timer1Init
 .text.TMR_timer1SetClock
                0x000010e8       0x14 Timer/TMR_Program.o
                0x000010e8                TMR_timer1SetClock
 .text.TMR_setPWM
                0x000010fc       0x94 Timer/TMR_Program.o
                0x000010fc                TMR_setPWM
 .text.UART_init
                0x00001190       0x1c UART_program.o
                0x00001190                UART_init
 .text.UART_send
                0x000011ac        0x8 UART_program.o
                0x000011ac                UART_send
 .text.UART_sendString
                0x000011b4       0x1e UART_program.o
                0x000011b4                UART_sendString
 .text.UART_receive
                0x000011d2       0x10 UART_program.o
                0x000011d2                UART_receive
 .text.Admin_sendString
                0x000011e2        0xe Users/Admin/Admin_program.o
                0x000011e2                Admin_sendString
 .text.Admin_newLine
                0x000011f0        0x2 Users/Admin/Admin_program.o
                0x000011f0                Admin_newLine
 .text.Admin_recieveInput
                0x000011f2        0x6 Users/Admin/Admin_program.o
                0x000011f2                Admin_recieveInput
 .text.Admin_wrongInput
                0x000011f8        0x2 Users/Admin/Admin_program.o
                0x000011f8                Admin_wrongInput
 .text.Admin_clearDisplay
                0x000011fa        0x2 Users/Admin/Admin_program.o
                0x000011fa                Admin_clearDisplay
 .text.Guest_sendString
                0x000011fc        0x6 Users/Guest/Guest_program.o
                0x000011fc                Guest_sendString
 .text.Guest_newLine
                0x00001202        0xa Users/Guest/Guest_program.o
                0x00001202                Guest_newLine
 .text.Guest_recieveInput
                0x0000120c       0x1c Users/Guest/Guest_program.o
                0x0000120c                Guest_recieveInput
 .text.Guest_wrongInput
                0x00001228       0x36 Users/Guest/Guest_program.o
                0x00001228                Guest_wrongInput
 .text.Guest_clearDisplay
                0x0000125e        0x6 Users/Guest/Guest_program.o
                0x0000125e                Guest_clearDisplay
 .text.libgcc.div
                0x00001264       0x44 c:/program files (x86)/atmel/studio/7.0/toolchain/avr8/avr8-gnu-toolchain/bin/../lib/gcc/avr/5.4.0/avr5\libgcc.a(_udivmodsi4.o)
                0x00001264                __udivmodsi4
 .text.libgcc   0x000012a8        0xc c:/program files (x86)/atmel/studio/7.0/toolchain/avr8/avr8-gnu-toolchain/bin/../lib/gcc/avr/5.4.0/avr5\libgcc.a(_tablejump2.o)
                0x000012a8                __tablejump2__
 .text.libgcc.mul
                0x000012b4       0x1e c:/program files (x86)/atmel/studio/7.0/toolchain/avr8/avr8-gnu-toolchain/bin/../lib/gcc/avr/5.4.0/avr5\libgcc.a(_umulhisi3.o)
                0x000012b4                __umulhisi3
                0x000012d2                . = ALIGN (0x2)
 *(.fini9)
 .fini9         0x000012d2        0x0 c:/program files (x86)/atmel/studio/7.0/toolchain/avr8/avr8-gnu-toolchain/bin/../lib/gcc/avr/5.4.0/avr5\libgcc.a(_exit.o)
                0x000012d2                _exit
                0x000012d2                exit
 *(.fini9)
 *(.fini8)
 *(.fini8)
 *(.fini7)
 *(.fini7)
 *(.fini6)
 *(.fini6)
 *(.fini5)
 *(.fini5)
 *(.fini4)
 *(.fini4)
 *(.fini3)
 *(.fini3)
 *(.fini2)
 *(.fini2)
 *(.fini1)
 *(.fini1)
 *(.fini0)
 .fini0         0x000012d2        0x4 c:/program files (x86)/atmel/studio/7.0/toolchain/avr8/avr8-gnu-toolchain/bin/../lib/gcc/avr/5.4.0/avr5\libgcc.a(_exit.o)
 *(.fini0)
                0x000012d6                _etext = .

.data           0x00800060      0x25c load address 0x000012d6
                0x00800060                PROVIDE (__data_start, .)
 *(.data)
 *(.data*)
 .data.room6    0x00800060        0x5 Room/Rooms_program.o
                0x00800060                room6
 .data.room5    0x00800065        0x5 Room/Rooms_program.o
                0x00800065                room5
 .data.room4    0x0080006a        0x5 Room/Rooms_program.o
                0x0080006a                room4
 .data.room3    0x0080006f        0x5 Room/Rooms_program.o
                0x0080006f                room3
 .data.room2    0x00800074        0x5 Room/Rooms_program.o
                0x00800074                room2
 .data.room1    0x00800079        0x5 Room/Rooms_program.o
                0x00800079                room1
 .data.guest    0x0080007e        0xa Users/User_program.o
                0x0080007e                guest
 .data.admin    0x00800088        0xa Users/User_program.o
                0x00800088                admin
 *(.gnu.linkonce.d*)
 *(.rodata)
 .rodata        0x00800092       0x10 KPD_program.o
 .rodata        0x008000a2       0x11 Room/Rooms_program.o
 *(.rodata*)
 .rodata.str1.1
                0x008000b3      0x1c4 main.o
 .rodata.str1.1
                0x00800277       0x39 Room/Rooms_program.o
 .rodata.str1.1
                0x008002b0       0x39 Users/Admin/Admin_program.o
                                  0x3 (size before relaxing)
 .rodata.str1.1
                0x008002b0        0xc Users/Guest/Guest_program.o
 *(.gnu.linkonce.r*)
                0x008002ea                . = ALIGN (0x2)
                0x008002ea                _edata = .
                0x008002ea                PROVIDE (__data_end, .)

.bss            0x008002bc        0x3
                0x008002bc                PROVIDE (__bss_start, .)
 *(.bss)
 *(.bss*)
 .bss.ADCpCallBack
                0x008002bc        0x2 AC/ADC_Program.o
 .bss.status.1857
                0x008002be        0x1 main.o
 *(COMMON)
                0x008002bf                PROVIDE (__bss_end, .)
                0x000012d6                __data_load_start = LOADADDR (.data)
                0x00001532                __data_load_end = (__data_load_start + SIZEOF (.data))

.noinit         0x008002bf        0x0
                [!provide]                PROVIDE (__noinit_start, .)
 *(.noinit*)
                [!provide]                PROVIDE (__noinit_end, .)
                0x008002bf                _end = .
                [!provide]                PROVIDE (__heap_start, .)

.eeprom         0x00810000        0x0
 *(.eeprom*)
                0x00810000                __eeprom_end = .

.fuse
 *(.fuse)
 *(.lfuse)
 *(.hfuse)
 *(.efuse)

.lock
 *(.lock*)

.signature
 *(.signature*)

.user_signatures
 *(.user_signatures*)

.stab
 *(.stab)

.stabstr
 *(.stabstr)

.stab.excl
 *(.stab.excl)

.stab.exclstr
 *(.stab.exclstr)

.stab.index
 *(.stab.index)

.stab.indexstr
 *(.stab.indexstr)

.comment        0x00000000       0x30
 *(.comment)
 .comment       0x00000000       0x30 AC/ADC_Program.o
                                 0x31 (size before relaxing)
 .comment       0x00000030       0x31 DIO_PROGRAM.o
 .comment       0x00000030       0x31 EEPROM_program.o
 .comment       0x00000030       0x31 Extras.o
 .comment       0x00000030       0x31 KPD_program.o
 .comment       0x00000030       0x31 LCD_program.o
 .comment       0x00000030       0x31 LED_program.o
 .comment       0x00000030       0x31 main.o
 .comment       0x00000030       0x31 Room/Rooms_program.o
 .comment       0x00000030       0x31 Timer/TMR_Program.o
 .comment       0x00000030       0x31 UART_program.o
 .comment       0x00000030       0x31 Users/Admin/Admin_program.o
 .comment       0x00000030       0x31 Users/Guest/Guest_program.o
 .comment       0x00000030       0x31 Users/User_program.o

.note.gnu.avr.deviceinfo
                0x00000000       0x3c
 .note.gnu.avr.deviceinfo
                0x00000000       0x3c C:/Program Files (x86)/Atmel/Studio/7.0/Packs/atmel/ATmega_DFP/1.7.374/gcc/dev/atmega32/avr5/crtatmega32.o

.note.gnu.build-id
 *(.note.gnu.build-id)

.debug
 *(.debug)

.line
 *(.line)

.debug_srcinfo
 *(.debug_srcinfo)

.debug_sfnames
 *(.debug_sfnames)

.debug_aranges  0x00000000      0x358
 *(.debug_aranges)
 .debug_aranges
                0x00000000       0x68 AC/ADC_Program.o
 .debug_aranges
                0x00000068       0x68 DIO_PROGRAM.o
 .debug_aranges
                0x000000d0       0x28 EEPROM_program.o
 .debug_aranges
                0x000000f8       0x20 Extras.o
 .debug_aranges
                0x00000118       0x20 KPD_program.o
 .debug_aranges
                0x00000138       0x60 LCD_program.o
 .debug_aranges
                0x00000198       0x30 LED_program.o
 .debug_aranges
                0x000001c8       0x28 main.o
 .debug_aranges
                0x000001f0       0x30 Room/Rooms_program.o
 .debug_aranges
                0x00000220       0x68 Timer/TMR_Program.o
 .debug_aranges
                0x00000288       0x38 UART_program.o
 .debug_aranges
                0x000002c0       0x40 Users/Admin/Admin_program.o
 .debug_aranges
                0x00000300       0x40 Users/Guest/Guest_program.o
 .debug_aranges
                0x00000340       0x18 Users/User_program.o

.debug_pubnames
 *(.debug_pubnames)

.debug_info     0x00000000     0x3a13
 *(.debug_info .gnu.linkonce.wi.*)
 .debug_info    0x00000000      0x4e6 C:/Program Files (x86)/Atmel/Studio/7.0/Packs/atmel/ATmega_DFP/1.7.374/gcc/dev/atmega32/avr5/crtatmega32.o
 .debug_info    0x000004e6      0x274 AC/ADC_Program.o
 .debug_info    0x0000075a      0x2b0 DIO_PROGRAM.o
 .debug_info    0x00000a0a       0xf0 EEPROM_program.o
 .debug_info    0x00000afa       0xdd Extras.o
 .debug_info    0x00000bd7      0x1ba KPD_program.o
 .debug_info    0x00000d91      0xdb9 LCD_program.o
 .debug_info    0x00001b4a      0x1e4 LED_program.o
 .debug_info    0x00001d2e     0x10d3 main.o
 .debug_info    0x00002e01      0x41b Room/Rooms_program.o
 .debug_info    0x0000321c      0x1ed Timer/TMR_Program.o
 .debug_info    0x00003409      0x10c UART_program.o
 .debug_info    0x00003515      0x167 Users/Admin/Admin_program.o
 .debug_info    0x0000367c      0x290 Users/Guest/Guest_program.o
 .debug_info    0x0000390c      0x107 Users/User_program.o

.debug_abbrev   0x00000000     0x11bc
 *(.debug_abbrev)
 .debug_abbrev  0x00000000      0x4a3 C:/Program Files (x86)/Atmel/Studio/7.0/Packs/atmel/ATmega_DFP/1.7.374/gcc/dev/atmega32/avr5/crtatmega32.o
 .debug_abbrev  0x000004a3      0x100 AC/ADC_Program.o
 .debug_abbrev  0x000005a3       0xbf DIO_PROGRAM.o
 .debug_abbrev  0x00000662       0x6f EEPROM_program.o
 .debug_abbrev  0x000006d1       0x80 Extras.o
 .debug_abbrev  0x00000751       0xc6 KPD_program.o
 .debug_abbrev  0x00000817      0x1bc LCD_program.o
 .debug_abbrev  0x000009d3       0xa7 LED_program.o
 .debug_abbrev  0x00000a7a      0x21c main.o
 .debug_abbrev  0x00000c96      0x13f Room/Rooms_program.o
 .debug_abbrev  0x00000dd5       0x9b Timer/TMR_Program.o
 .debug_abbrev  0x00000e70       0xc4 UART_program.o
 .debug_abbrev  0x00000f34       0xac Users/Admin/Admin_program.o
 .debug_abbrev  0x00000fe0      0x153 Users/Guest/Guest_program.o
 .debug_abbrev  0x00001133       0x89 Users/User_program.o

.debug_line     0x00000000     0x1dd7
 *(.debug_line .debug_line.* .debug_line_end)
 .debug_line    0x00000000      0x116 C:/Program Files (x86)/Atmel/Studio/7.0/Packs/atmel/ATmega_DFP/1.7.374/gcc/dev/atmega32/avr5/crtatmega32.o
 .debug_line    0x00000116      0x1f0 AC/ADC_Program.o
 .debug_line    0x00000306      0x3ed DIO_PROGRAM.o
 .debug_line    0x000006f3       0xa0 EEPROM_program.o
 .debug_line    0x00000793       0x7a Extras.o
 .debug_line    0x0000080d       0xf2 KPD_program.o
 .debug_line    0x000008ff      0x514 LCD_program.o
 .debug_line    0x00000e13       0xe4 LED_program.o
 .debug_line    0x00000ef7      0x6de main.o
 .debug_line    0x000015d5      0x220 Room/Rooms_program.o
 .debug_line    0x000017f5      0x1c8 Timer/TMR_Program.o
 .debug_line    0x000019bd       0xe8 UART_program.o
 .debug_line    0x00001aa5       0xd6 Users/Admin/Admin_program.o
 .debug_line    0x00001b7b      0x1f7 Users/Guest/Guest_program.o
 .debug_line    0x00001d72       0x65 Users/User_program.o

.debug_frame    0x00000000      0x6b4
 *(.debug_frame)
 .debug_frame   0x00000000      0x12c AC/ADC_Program.o
 .debug_frame   0x0000012c       0xb4 DIO_PROGRAM.o
 .debug_frame   0x000001e0       0x34 EEPROM_program.o
 .debug_frame   0x00000214       0x24 Extras.o
 .debug_frame   0x00000238       0x68 KPD_program.o
 .debug_frame   0x000002a0       0xdc LCD_program.o
 .debug_frame   0x0000037c       0x64 LED_program.o
 .debug_frame   0x000003e0       0x44 main.o
 .debug_frame   0x00000424       0x90 Room/Rooms_program.o
 .debug_frame   0x000004b4       0xcc Timer/TMR_Program.o
 .debug_frame   0x00000580       0x60 UART_program.o
 .debug_frame   0x000005e0       0x64 Users/Admin/Admin_program.o
 .debug_frame   0x00000644       0x70 Users/Guest/Guest_program.o

.debug_str      0x00000000      0xc65
 *(.debug_str)
 .debug_str     0x00000000      0x196 C:/Program Files (x86)/Atmel/Studio/7.0/Packs/atmel/ATmega_DFP/1.7.374/gcc/dev/atmega32/avr5/crtatmega32.o
 .debug_str     0x00000196      0x20e AC/ADC_Program.o
                                0x235 (size before relaxing)
 .debug_str     0x000003a4       0xd7 DIO_PROGRAM.o
                                0x26c (size before relaxing)
 .debug_str     0x0000047b       0x41 EEPROM_program.o
                                0x1a8 (size before relaxing)
 .debug_str     0x000004bc       0x43 Extras.o
                                0x1a4 (size before relaxing)
 .debug_str     0x000004ff       0x76 KPD_program.o
                                0x1f7 (size before relaxing)
 .debug_str     0x00000575      0x13e LCD_program.o
                                0x2c2 (size before relaxing)
 .debug_str     0x000006b3       0x49 LED_program.o
                                0x1dc (size before relaxing)
 .debug_str     0x000006fc      0x266 main.o
                                0x4fd (size before relaxing)
 .debug_str     0x00000962       0x62 Room/Rooms_program.o
                                0x2cd (size before relaxing)
 .debug_str     0x000009c4      0x102 Timer/TMR_Program.o
                                0x277 (size before relaxing)
 .debug_str     0x00000ac6       0x21 UART_program.o
                                0x1bf (size before relaxing)
 .debug_str     0x00000ae7       0x8c Users/Admin/Admin_program.o
                                0x213 (size before relaxing)
 .debug_str     0x00000b73       0xda Users/Guest/Guest_program.o
                                0x28a (size before relaxing)
 .debug_str     0x00000c4d       0x18 Users/User_program.o
                                0x1d6 (size before relaxing)

.debug_loc      0x00000000     0x19ea
 *(.debug_loc)
 .debug_loc     0x00000000      0x2a2 AC/ADC_Program.o
 .debug_loc     0x000002a2      0x49f DIO_PROGRAM.o
 .debug_loc     0x00000741       0x58 EEPROM_program.o
 .debug_loc     0x00000799       0x86 Extras.o
 .debug_loc     0x0000081f      0x169 KPD_program.o
 .debug_loc     0x00000988      0x575 LCD_program.o
 .debug_loc     0x00000efd      0x1c2 LED_program.o
 .debug_loc     0x000010bf      0x420 main.o
 .debug_loc     0x000014df      0x21a Room/Rooms_program.o
 .debug_loc     0x000016f9      0x133 Timer/TMR_Program.o
 .debug_loc     0x0000182c       0x57 UART_program.o
 .debug_loc     0x00001883       0x4c Users/Admin/Admin_program.o
 .debug_loc     0x000018cf      0x11b Users/Guest/Guest_program.o

.debug_macinfo
 *(.debug_macinfo)

.debug_weaknames
 *(.debug_weaknames)

.debug_funcnames
 *(.debug_funcnames)

.debug_typenames
 *(.debug_typenames)

.debug_varnames
 *(.debug_varnames)

.debug_pubtypes
 *(.debug_pubtypes)

.debug_ranges   0x00000000      0x270
 *(.debug_ranges)
 .debug_ranges  0x00000000       0x58 AC/ADC_Program.o
 .debug_ranges  0x00000058       0x58 DIO_PROGRAM.o
 .debug_ranges  0x000000b0       0x18 EEPROM_program.o
 .debug_ranges  0x000000c8       0x10 Extras.o
 .debug_ranges  0x000000d8       0x10 KPD_program.o
 .debug_ranges  0x000000e8       0x50 LCD_program.o
 .debug_ranges  0x00000138       0x20 LED_program.o
 .debug_ranges  0x00000158       0x18 main.o
 .debug_ranges  0x00000170       0x20 Room/Rooms_program.o
 .debug_ranges  0x00000190       0x58 Timer/TMR_Program.o
 .debug_ranges  0x000001e8       0x28 UART_program.o
 .debug_ranges  0x00000210       0x30 Users/Admin/Admin_program.o
 .debug_ranges  0x00000240       0x30 Users/Guest/Guest_program.o

.debug_macro
 *(.debug_macro)
OUTPUT(Smart home yarab.elf elf32-avr)
LOAD linker stubs
